
> build
> next build

Γû▓ Next.js 16.1.6 (Turbopack)
- Environments: .env.local

  Creating an optimized production build ...
node.exe : 
At line:1 char:1
+ & "C:\Program Files\nodejs/node.exe" "C:\Program Files\nodejs/node_mo ...
+ ~~~~~~~~~~~~~~~~~~~~~~~~~~~~~~~~~~~~~~~~~~~~~~~~~~~~~~~~~~~~~~~~~~~~~
    + CategoryInfo          : NotSpecified: (:String) [], RemoteException
    + FullyQualifiedErrorId : NativeCommandError
 
> Build error occurred
Error: Turbopack build failed with 2 errors:
./src/app/api/transactions/route.ts:180:5
Parsing ecmascript source code failed
[0m [90m 178 |[39m
 [90m 179 |[39m     [36mreturn[39m [33mNextResponse[39m[33m.[39mjson({ success[33m:[39m 
[36mtrue[39m[33m,[39m status })[33m;[39m
[31m[1m>[22m[39m[90m 180 |[39m   } [36mcatch[39m (error) {
 [90m     |[39m     
[31m[1m^[22m[39m[31m[1m^[22m[39m[31m[1m^[22m[39m[31m[1m^[22m[39m[31m[1m^[22m[39m
 [90m 181 |[39m     [33mSentry[39m[33m.[39mcaptureException(error)[33m;[39m
 [90m 182 |[39m     console[33m.[39merror([32m'Transaction update error:'[39m[33m,[39m error)[33m;[39m
 [90m 183 |[39m     [36mreturn[39m [33mNextResponse[39m[33m.[39mjson({ error[33m:[39m [32m'Internal 
server error'[39m }[33m,[39m { status[33m:[39m [35m500[39m })[33m;[39m[0m

Expected a semicolon


./src/app/api/transactions/route.ts:188:1
Parsing ecmascript source code failed
[0m [90m 186 |[39m
 [90m 187 |[39m [90m// Get transactions[39m
[31m[1m>[22m[39m[90m 188 |[39m [36mexport[39m [36masync[39m [36mfunction[39m 
[33mGET[39m(req[33m:[39m [33mRequest[39m) {
 [90m     |[39m [31m[1m^[22m[39m
 [90m 189 |[39m   [36mtry[39m {
 [90m 190 |[39m     [36mconst[39m supabase [33m=[39m [36mawait[39m createClient()[33m;[39m
 [90m 191 |[39m     [36mconst[39m { data[33m:[39m { user }[33m,[39m error[33m:[39m authError } [33m=[39m 
[36mawait[39m supabase[33m.[39mauth[33m.[39mgetUser()[33m;[39m[0m

Expected a semicolon


    at <unknown> (./src/app/api/transactions/route.ts:180:5)
    at <unknown> (./src/app/api/transactions/route.ts:188:1)
